TAP version 13
    ok 1 - +does not keep event loop alive pass
      ---
      duration_ms: *
      ...
    1..1
ok 1 - does not keep event loop alive pass
  ---
  duration_ms: *
  ...
1..1
# tests 1
# pass 1
# fail 0
# skipped 0
# todo 0
# duration_ms *
